// Jest Snapshot v1, https://goo.gl/fbAQLP

exports[`<Orders /> feature tests creates a snapshot 1`] = `
Array [
  " ",
  <div
    aria-label="orders"
    role="presentation"
  >
    <h2>
      OrdersDisplay
    </h2>
  </div>,
]
`;
