// Jest Snapshot v1, https://goo.gl/fbAQLP

exports[`<ItemQuantity /> feature tests creates a snapshot 1`] = `
Array [
  <label
    htmlFor="item-quantity-selector"
  >
    Quantity:
  </label>,
  <select
    aria-label="item-quantity-selector"
    defaultValue={0}
    id="item-quantity-selector"
    name="itemQuantity"
    onChange={[Function]}
    role="presentation"
  >
    <option
      value={1}
    >
      1
    </option>
    <option
      value={2}
    >
      2
    </option>
    <option
      value={3}
    >
      3
    </option>
    <option
      value={4}
    >
      4
    </option>
    <option
      value={5}
    >
      5
    </option>
    <option
      value={6}
    >
      6
    </option>
    <option
      value={7}
    >
      7
    </option>
    <option
      value={8}
    >
      8
    </option>
    <option
      value={9}
    >
      9
    </option>
    <option
      value={10}
    >
      10
    </option>
  </select>,
]
`;
