// Jest Snapshot v1, https://goo.gl/fbAQLP

exports[`<Login /> renders a snapshot renders a snapshot 1`] = `
<div>
  <div>
    <button
      aria-label="google-auth"
    >
      Log in with Google
    </button>
  </div>
  <div>
    <label
      htmlFor="username"
    >
      Username:
    </label>
    <input
      aria-label="username"
      id="username"
    />
  </div>
  <div>
    <label
      htmlFor="password"
    >
      Password:
    </label>
    <input
      aria-label="password"
      id="password"
      type="password"
    />
  </div>
  <div>
    <button
      aria-label="login"
    >
      Log in
    </button>
  </div>
</div>
`;
