// Jest Snapshot v1, https://goo.gl/fbAQLP

exports[`<Cart /> feature tests creates a snapshot 1`] = `
<div>
  <div
    aria-label="cart-items"
    role="presentation"
  >
    <div>
      cart item 01
    </div>
    <div>
      cart item 02
    </div>
    <div>
      cart item 03
    </div>
  </div>
  <div
    aria-label="cart-total-price"
    role="presentation"
  >
    <label
      htmlFor="cart-total-price"
    >
      Cart Total
    </label>
    <div
      id="cart-total-price"
    >
      cart total goes here
    </div>
  </div>
  <button
    aria-label="checkout-button"
  >
    Checkout
  </button>
</div>
`;
