// Jest Snapshot v1, https://goo.gl/fbAQLP

exports[`<ProductsListingDisplay data={mockData} /> component tests creates a snapshot 1`] = `
<div>
  <div
    aria-label="products"
    role="presentation"
  >
    <h2>
      ProductsListingDisplay
    </h2>
    <div
      aria-label="product"
      role="presentation"
    >
      <label
        htmlFor="product-id"
      >
        Product ID:
      </label>
      <div
        aria-label="product-id"
        role="presentation"
      >
        1
      </div>
      <label
        htmlFor="product-name"
      >
        Product Name:
      </label>
      <div
        aria-label="product-name"
        role="presentation"
      >
        product_name_01
      </div>
      <label
        htmlFor="product-description"
      >
        Product Description:
      </label>
      <div
        aria-label="product-description"
        role="presentation"
      >
        product_desc_01
      </div>
      <label
        htmlFor="product-image-url"
      >
        Image:
      </label>
      <div
        aria-label="product-image-url"
        id="product-image-url"
        role="img"
      >
        <img
          alt="product_name_01"
          id={1}
          onClick={[MockFunction]}
          src="https://pixabay.com/images/id-71282/"
        />
      </div>
      <label
        htmlFor="product-price"
      >
        Product Price:
      </label>
      <div
        aria-label="product-price"
        role="presentation"
      >
        1.00
      </div>
      <label
        htmlFor={1}
      >
        Quantity:
      </label>
      <input
        aria-label="quantity"
        id={1}
        name="quantity"
        placeholder="Enter product quantity"
      />
      <button
        aria-label="add-to-cart"
        id={1}
        onClick={[MockFunction]}
      >
        Add To Cart
      </button>
    </div>
    <div
      aria-label="product"
      role="presentation"
    >
      <label
        htmlFor="product-id"
      >
        Product ID:
      </label>
      <div
        aria-label="product-id"
        role="presentation"
      >
        2
      </div>
      <label
        htmlFor="product-name"
      >
        Product Name:
      </label>
      <div
        aria-label="product-name"
        role="presentation"
      >
        product_name_02
      </div>
      <label
        htmlFor="product-description"
      >
        Product Description:
      </label>
      <div
        aria-label="product-description"
        role="presentation"
      >
        product_desc_02
      </div>
      <label
        htmlFor="product-image-url"
      >
        Image:
      </label>
      <div
        aria-label="product-image-url"
        id="product-image-url"
        role="img"
      >
        <img
          alt="product_name_02"
          id={2}
          onClick={[MockFunction]}
          src="http://www.image.com/item/2"
        />
      </div>
      <label
        htmlFor="product-price"
      >
        Product Price:
      </label>
      <div
        aria-label="product-price"
        role="presentation"
      >
        2.00
      </div>
      <label
        htmlFor={2}
      >
        Quantity:
      </label>
      <input
        aria-label="quantity"
        id={2}
        name="quantity"
        placeholder="Enter product quantity"
      />
      <button
        aria-label="add-to-cart"
        id={2}
        onClick={[MockFunction]}
      >
        Add To Cart
      </button>
    </div>
    <div
      aria-label="product"
      role="presentation"
    >
      <label
        htmlFor="product-id"
      >
        Product ID:
      </label>
      <div
        aria-label="product-id"
        role="presentation"
      >
        3
      </div>
      <label
        htmlFor="product-name"
      >
        Product Name:
      </label>
      <div
        aria-label="product-name"
        role="presentation"
      >
        product_name_03
      </div>
      <label
        htmlFor="product-description"
      >
        Product Description:
      </label>
      <div
        aria-label="product-description"
        role="presentation"
      >
        product_desc_03
      </div>
      <label
        htmlFor="product-image-url"
      >
        Image:
      </label>
      <div
        aria-label="product-image-url"
        id="product-image-url"
        role="img"
      >
        <img
          alt="product_name_03"
          id={3}
          onClick={[MockFunction]}
          src="http://www.image.com/item/3"
        />
      </div>
      <label
        htmlFor="product-price"
      >
        Product Price:
      </label>
      <div
        aria-label="product-price"
        role="presentation"
      >
        3.00
      </div>
      <label
        htmlFor={3}
      >
        Quantity:
      </label>
      <input
        aria-label="quantity"
        id={3}
        name="quantity"
        placeholder="Enter product quantity"
      />
      <button
        aria-label="add-to-cart"
        id={3}
        onClick={[MockFunction]}
      >
        Add To Cart
      </button>
    </div>
    <div
      aria-label="product"
      role="presentation"
    >
      <label
        htmlFor="product-id"
      >
        Product ID:
      </label>
      <div
        aria-label="product-id"
        role="presentation"
      >
        4
      </div>
      <label
        htmlFor="product-name"
      >
        Product Name:
      </label>
      <div
        aria-label="product-name"
        role="presentation"
      >
        product_name_04
      </div>
      <label
        htmlFor="product-description"
      >
        Product Description:
      </label>
      <div
        aria-label="product-description"
        role="presentation"
      >
        product_desc_04
      </div>
      <label
        htmlFor="product-image-url"
      >
        Image:
      </label>
      <div
        aria-label="product-image-url"
        id="product-image-url"
        role="img"
      >
        <img
          alt="product_name_04"
          id={4}
          onClick={[MockFunction]}
          src="http://www.image.com/item/4"
        />
      </div>
      <label
        htmlFor="product-price"
      >
        Product Price:
      </label>
      <div
        aria-label="product-price"
        role="presentation"
      >
        4.00
      </div>
      <label
        htmlFor={4}
      >
        Quantity:
      </label>
      <input
        aria-label="quantity"
        id={4}
        name="quantity"
        placeholder="Enter product quantity"
      />
      <button
        aria-label="add-to-cart"
        id={4}
        onClick={[MockFunction]}
      >
        Add To Cart
      </button>
    </div>
  </div>
</div>
`;
